Archive member included to satisfy reference by file (symbol)

/usr/bin/../lib/gcc/arm-none-eabi/7.3.1/../../../../arm-none-eabi/lib/thumb/v7-m/libc_nano.a(lib_a-exit.o)
                              /usr/bin/../lib/gcc/arm-none-eabi/7.3.1/../../../../arm-none-eabi/lib/thumb/v7-m/crt0.o (exit)
/usr/bin/../lib/gcc/arm-none-eabi/7.3.1/../../../../arm-none-eabi/lib/thumb/v7-m/libc_nano.a(lib_a-impure.o)
                              /usr/bin/../lib/gcc/arm-none-eabi/7.3.1/../../../../arm-none-eabi/lib/thumb/v7-m/libc_nano.a(lib_a-exit.o) (_global_impure_ptr)
/usr/bin/../lib/gcc/arm-none-eabi/7.3.1/../../../../arm-none-eabi/lib/thumb/v7-m/libc_nano.a(lib_a-init.o)
                              /usr/bin/../lib/gcc/arm-none-eabi/7.3.1/../../../../arm-none-eabi/lib/thumb/v7-m/crt0.o (__libc_init_array)
/usr/bin/../lib/gcc/arm-none-eabi/7.3.1/../../../../arm-none-eabi/lib/thumb/v7-m/libc_nano.a(lib_a-memcmp.o)
                              hid.o (memcmp)
/usr/bin/../lib/gcc/arm-none-eabi/7.3.1/../../../../arm-none-eabi/lib/thumb/v7-m/libc_nano.a(lib_a-memset.o)
                              /usr/bin/../lib/gcc/arm-none-eabi/7.3.1/../../../../arm-none-eabi/lib/thumb/v7-m/crt0.o (memset)
/usr/bin/../lib/gcc/arm-none-eabi/7.3.1/../../../../arm-none-eabi/lib/thumb/v7-m/libnosys.a(_exit.o)
                              /usr/bin/../lib/gcc/arm-none-eabi/7.3.1/../../../../arm-none-eabi/lib/thumb/v7-m/libc_nano.a(lib_a-exit.o) (_exit)

Discarded input sections

 .text          0x0000000000000000        0x0 /usr/bin/../lib/gcc/arm-none-eabi/7.3.1/thumb/v7-m/crti.o
 .data          0x0000000000000000        0x0 /usr/bin/../lib/gcc/arm-none-eabi/7.3.1/thumb/v7-m/crti.o
 .bss           0x0000000000000000        0x0 /usr/bin/../lib/gcc/arm-none-eabi/7.3.1/thumb/v7-m/crti.o
 .data          0x0000000000000000        0x4 /usr/bin/../lib/gcc/arm-none-eabi/7.3.1/thumb/v7-m/crtbegin.o
 .text          0x0000000000000000       0x74 /usr/bin/../lib/gcc/arm-none-eabi/7.3.1/../../../../arm-none-eabi/lib/thumb/v7-m/crt0.o
 .data          0x0000000000000000        0x0 /usr/bin/../lib/gcc/arm-none-eabi/7.3.1/../../../../arm-none-eabi/lib/thumb/v7-m/crt0.o
 .bss           0x0000000000000000        0x0 /usr/bin/../lib/gcc/arm-none-eabi/7.3.1/../../../../arm-none-eabi/lib/thumb/v7-m/crt0.o
 .ARM.extab     0x0000000000000000        0x0 /usr/bin/../lib/gcc/arm-none-eabi/7.3.1/../../../../arm-none-eabi/lib/thumb/v7-m/crt0.o
 .ARM.exidx     0x0000000000000000        0x8 /usr/bin/../lib/gcc/arm-none-eabi/7.3.1/../../../../arm-none-eabi/lib/thumb/v7-m/crt0.o
 .ARM.attributes
                0x0000000000000000       0x1b /usr/bin/../lib/gcc/arm-none-eabi/7.3.1/../../../../arm-none-eabi/lib/thumb/v7-m/crt0.o
 .text          0x0000000000000000        0x0 main.o
 .data          0x0000000000000000        0x0 main.o
 .bss           0x0000000000000000        0x0 main.o
 .text.blink_led
                0x0000000000000000       0x2c main.o
 .bss.send_next_data
                0x0000000000000000        0x1 main.o
 .bss.timeout   0x0000000000000000        0x4 main.o
 .text          0x0000000000000000        0x0 usb.o
 .data          0x0000000000000000        0x0 usb.o
 .bss           0x0000000000000000        0x0 usb.o
 .text.USB_IsDeviceConfigured
                0x0000000000000000        0xc usb.o
 .rodata.sdSerial
                0x0000000000000000       0x16 usb.o
 .text          0x0000000000000000        0x0 hid.o
 .data          0x0000000000000000        0x0 hid.o
 .bss           0x0000000000000000        0x0 hid.o
 .text          0x0000000000000000        0x0 led.o
 .data          0x0000000000000000        0x0 led.o
 .bss           0x0000000000000000        0x0 led.o
 .text          0x0000000000000000       0x14 CMSIS/Device/ST/STM32F10x/Source/Templates/gcc/startup_stm32f10x_md.o
 .data          0x0000000000000000        0x0 CMSIS/Device/ST/STM32F10x/Source/Templates/gcc/startup_stm32f10x_md.o
 .bss           0x0000000000000000        0x0 CMSIS/Device/ST/STM32F10x/Source/Templates/gcc/startup_stm32f10x_md.o
 .text          0x0000000000000000        0x0 system_stm32f10x.o
 .data          0x0000000000000000        0x0 system_stm32f10x.o
 .bss           0x0000000000000000        0x0 system_stm32f10x.o
 .text.SystemCoreClockUpdate
                0x0000000000000000       0x58 system_stm32f10x.o
 .data.AHBPrescTable
                0x0000000000000000       0x10 system_stm32f10x.o
 .data.SystemCoreClock
                0x0000000000000000        0x4 system_stm32f10x.o
 .text          0x0000000000000000        0x0 /usr/bin/../lib/gcc/arm-none-eabi/7.3.1/../../../../arm-none-eabi/lib/thumb/v7-m/libc_nano.a(lib_a-exit.o)
 .data          0x0000000000000000        0x0 /usr/bin/../lib/gcc/arm-none-eabi/7.3.1/../../../../arm-none-eabi/lib/thumb/v7-m/libc_nano.a(lib_a-exit.o)
 .bss           0x0000000000000000        0x0 /usr/bin/../lib/gcc/arm-none-eabi/7.3.1/../../../../arm-none-eabi/lib/thumb/v7-m/libc_nano.a(lib_a-exit.o)
 .text.exit     0x0000000000000000       0x28 /usr/bin/../lib/gcc/arm-none-eabi/7.3.1/../../../../arm-none-eabi/lib/thumb/v7-m/libc_nano.a(lib_a-exit.o)
 .debug_frame   0x0000000000000000       0x28 /usr/bin/../lib/gcc/arm-none-eabi/7.3.1/../../../../arm-none-eabi/lib/thumb/v7-m/libc_nano.a(lib_a-exit.o)
 .ARM.attributes
                0x0000000000000000       0x2d /usr/bin/../lib/gcc/arm-none-eabi/7.3.1/../../../../arm-none-eabi/lib/thumb/v7-m/libc_nano.a(lib_a-exit.o)
 .text          0x0000000000000000        0x0 /usr/bin/../lib/gcc/arm-none-eabi/7.3.1/../../../../arm-none-eabi/lib/thumb/v7-m/libc_nano.a(lib_a-impure.o)
 .data          0x0000000000000000        0x0 /usr/bin/../lib/gcc/arm-none-eabi/7.3.1/../../../../arm-none-eabi/lib/thumb/v7-m/libc_nano.a(lib_a-impure.o)
 .bss           0x0000000000000000        0x0 /usr/bin/../lib/gcc/arm-none-eabi/7.3.1/../../../../arm-none-eabi/lib/thumb/v7-m/libc_nano.a(lib_a-impure.o)
 .data._impure_ptr
                0x0000000000000000        0x4 /usr/bin/../lib/gcc/arm-none-eabi/7.3.1/../../../../arm-none-eabi/lib/thumb/v7-m/libc_nano.a(lib_a-impure.o)
 .data.impure_data
                0x0000000000000000       0x60 /usr/bin/../lib/gcc/arm-none-eabi/7.3.1/../../../../arm-none-eabi/lib/thumb/v7-m/libc_nano.a(lib_a-impure.o)
 .rodata._global_impure_ptr
                0x0000000000000000        0x4 /usr/bin/../lib/gcc/arm-none-eabi/7.3.1/../../../../arm-none-eabi/lib/thumb/v7-m/libc_nano.a(lib_a-impure.o)
 .ARM.attributes
                0x0000000000000000       0x2d /usr/bin/../lib/gcc/arm-none-eabi/7.3.1/../../../../arm-none-eabi/lib/thumb/v7-m/libc_nano.a(lib_a-impure.o)
 .text          0x0000000000000000        0x0 /usr/bin/../lib/gcc/arm-none-eabi/7.3.1/../../../../arm-none-eabi/lib/thumb/v7-m/libc_nano.a(lib_a-init.o)
 .data          0x0000000000000000        0x0 /usr/bin/../lib/gcc/arm-none-eabi/7.3.1/../../../../arm-none-eabi/lib/thumb/v7-m/libc_nano.a(lib_a-init.o)
 .bss           0x0000000000000000        0x0 /usr/bin/../lib/gcc/arm-none-eabi/7.3.1/../../../../arm-none-eabi/lib/thumb/v7-m/libc_nano.a(lib_a-init.o)
 .text          0x0000000000000000        0x0 /usr/bin/../lib/gcc/arm-none-eabi/7.3.1/../../../../arm-none-eabi/lib/thumb/v7-m/libc_nano.a(lib_a-memcmp.o)
 .data          0x0000000000000000        0x0 /usr/bin/../lib/gcc/arm-none-eabi/7.3.1/../../../../arm-none-eabi/lib/thumb/v7-m/libc_nano.a(lib_a-memcmp.o)
 .bss           0x0000000000000000        0x0 /usr/bin/../lib/gcc/arm-none-eabi/7.3.1/../../../../arm-none-eabi/lib/thumb/v7-m/libc_nano.a(lib_a-memcmp.o)
 .text          0x0000000000000000        0x0 /usr/bin/../lib/gcc/arm-none-eabi/7.3.1/../../../../arm-none-eabi/lib/thumb/v7-m/libc_nano.a(lib_a-memset.o)
 .data          0x0000000000000000        0x0 /usr/bin/../lib/gcc/arm-none-eabi/7.3.1/../../../../arm-none-eabi/lib/thumb/v7-m/libc_nano.a(lib_a-memset.o)
 .bss           0x0000000000000000        0x0 /usr/bin/../lib/gcc/arm-none-eabi/7.3.1/../../../../arm-none-eabi/lib/thumb/v7-m/libc_nano.a(lib_a-memset.o)
 .text.memset   0x0000000000000000       0x10 /usr/bin/../lib/gcc/arm-none-eabi/7.3.1/../../../../arm-none-eabi/lib/thumb/v7-m/libc_nano.a(lib_a-memset.o)
 .debug_frame   0x0000000000000000       0x20 /usr/bin/../lib/gcc/arm-none-eabi/7.3.1/../../../../arm-none-eabi/lib/thumb/v7-m/libc_nano.a(lib_a-memset.o)
 .ARM.attributes
                0x0000000000000000       0x2d /usr/bin/../lib/gcc/arm-none-eabi/7.3.1/../../../../arm-none-eabi/lib/thumb/v7-m/libc_nano.a(lib_a-memset.o)
 .text          0x0000000000000000        0x0 /usr/bin/../lib/gcc/arm-none-eabi/7.3.1/../../../../arm-none-eabi/lib/thumb/v7-m/libnosys.a(_exit.o)
 .data          0x0000000000000000        0x0 /usr/bin/../lib/gcc/arm-none-eabi/7.3.1/../../../../arm-none-eabi/lib/thumb/v7-m/libnosys.a(_exit.o)
 .bss           0x0000000000000000        0x0 /usr/bin/../lib/gcc/arm-none-eabi/7.3.1/../../../../arm-none-eabi/lib/thumb/v7-m/libnosys.a(_exit.o)
 .text._exit    0x0000000000000000        0x4 /usr/bin/../lib/gcc/arm-none-eabi/7.3.1/../../../../arm-none-eabi/lib/thumb/v7-m/libnosys.a(_exit.o)
 .debug_frame   0x0000000000000000       0x20 /usr/bin/../lib/gcc/arm-none-eabi/7.3.1/../../../../arm-none-eabi/lib/thumb/v7-m/libnosys.a(_exit.o)
 .ARM.attributes
                0x0000000000000000       0x2d /usr/bin/../lib/gcc/arm-none-eabi/7.3.1/../../../../arm-none-eabi/lib/thumb/v7-m/libnosys.a(_exit.o)
 .text          0x0000000000000000        0x0 /usr/bin/../lib/gcc/arm-none-eabi/7.3.1/thumb/v7-m/crtend.o
 .data          0x0000000000000000        0x0 /usr/bin/../lib/gcc/arm-none-eabi/7.3.1/thumb/v7-m/crtend.o
 .bss           0x0000000000000000        0x0 /usr/bin/../lib/gcc/arm-none-eabi/7.3.1/thumb/v7-m/crtend.o
 .eh_frame      0x0000000000000000        0x4 /usr/bin/../lib/gcc/arm-none-eabi/7.3.1/thumb/v7-m/crtend.o
 .ARM.attributes
                0x0000000000000000       0x2d /usr/bin/../lib/gcc/arm-none-eabi/7.3.1/thumb/v7-m/crtend.o
 .text          0x0000000000000000        0x0 /usr/bin/../lib/gcc/arm-none-eabi/7.3.1/thumb/v7-m/crtn.o
 .data          0x0000000000000000        0x0 /usr/bin/../lib/gcc/arm-none-eabi/7.3.1/thumb/v7-m/crtn.o
 .bss           0x0000000000000000        0x0 /usr/bin/../lib/gcc/arm-none-eabi/7.3.1/thumb/v7-m/crtn.o

Memory Configuration

Name             Origin             Length             Attributes
RAM              0x0000000020000000 0x0000000000005000 xrw
FLASH            0x0000000008000000 0x0000000000010000 xr
*default*        0x0000000000000000 0xffffffffffffffff

Linker script and memory map

LOAD /usr/bin/../lib/gcc/arm-none-eabi/7.3.1/thumb/v7-m/crti.o
LOAD /usr/bin/../lib/gcc/arm-none-eabi/7.3.1/thumb/v7-m/crtbegin.o
LOAD /usr/bin/../lib/gcc/arm-none-eabi/7.3.1/../../../../arm-none-eabi/lib/thumb/v7-m/crt0.o
LOAD main.o
LOAD usb.o
LOAD hid.o
LOAD led.o
LOAD CMSIS/Device/ST/STM32F10x/Source/Templates/gcc/startup_stm32f10x_md.o
LOAD system_stm32f10x.o
START GROUP
LOAD /usr/bin/../lib/gcc/arm-none-eabi/7.3.1/thumb/v7-m/libgcc.a
LOAD /usr/bin/../lib/gcc/arm-none-eabi/7.3.1/../../../../arm-none-eabi/lib/thumb/v7-m/libc_nano.a
END GROUP
START GROUP
LOAD /usr/bin/../lib/gcc/arm-none-eabi/7.3.1/thumb/v7-m/libgcc.a
LOAD /usr/bin/../lib/gcc/arm-none-eabi/7.3.1/../../../../arm-none-eabi/lib/thumb/v7-m/libc_nano.a
LOAD /usr/bin/../lib/gcc/arm-none-eabi/7.3.1/../../../../arm-none-eabi/lib/thumb/v7-m/libnosys.a
END GROUP
START GROUP
LOAD /usr/bin/../lib/gcc/arm-none-eabi/7.3.1/thumb/v7-m/libgcc.a
LOAD /usr/bin/../lib/gcc/arm-none-eabi/7.3.1/../../../../arm-none-eabi/lib/thumb/v7-m/libc_nano.a
LOAD /usr/bin/../lib/gcc/arm-none-eabi/7.3.1/../../../../arm-none-eabi/lib/thumb/v7-m/libnosys.a
END GROUP
LOAD /usr/bin/../lib/gcc/arm-none-eabi/7.3.1/thumb/v7-m/crtend.o
LOAD /usr/bin/../lib/gcc/arm-none-eabi/7.3.1/thumb/v7-m/crtn.o
                0x0000000020005000                _estack = 0x20005000
                0x0000000000000200                _Min_Heap_Size = 0x200
                0x0000000000000400                _Min_Stack_Size = 0x400

.isr_vector     0x0000000008000000      0x10c
                0x0000000008000000                . = ALIGN (0x4)
 *(.isr_vector)
 .isr_vector    0x0000000008000000      0x10c CMSIS/Device/ST/STM32F10x/Source/Templates/gcc/startup_stm32f10x_md.o
                0x0000000008000000                g_pfnVectors
                0x000000000800010c                . = ALIGN (0x4)

.text           0x000000000800010c      0xb74
                0x000000000800010c                . = ALIGN (0x4)
 *(.text)
 .text          0x000000000800010c       0x40 /usr/bin/../lib/gcc/arm-none-eabi/7.3.1/thumb/v7-m/crtbegin.o
 *(.text*)
 .text.NVIC_SystemReset
                0x000000000800014c       0x24 main.o
 .text.get_and_clear_magic_word
                0x0000000008000170       0x40 main.o
                0x0000000008000170                get_and_clear_magic_word
 .text.checkUserCode
                0x00000000080001b0       0x14 main.o
                0x00000000080001b0                checkUserCode
 .text.delay    0x00000000080001c4        0xe main.o
                0x00000000080001c4                delay
 *fill*         0x00000000080001d2        0x2 
 .text.check_flash_complete
                0x00000000080001d4       0x34 main.o
                0x00000000080001d4                check_flash_complete
 .text.startup.main
                0x0000000008000208       0xc8 main.o
                0x0000000008000208                main
 .text.USB_PMA2Buffer
                0x00000000080002d0       0x60 usb.o
                0x00000000080002d0                USB_PMA2Buffer
 .text.USB_Buffer2PMA
                0x0000000008000330       0x98 usb.o
                0x0000000008000330                USB_Buffer2PMA
 .text.USB_SendData
                0x00000000080003c8       0x70 usb.o
                0x00000000080003c8                USB_SendData
 .text.USB_Shutdown
                0x0000000008000438       0x80 usb.o
                0x0000000008000438                USB_Shutdown
 .text.USB_Init
                0x00000000080004b8       0x94 usb.o
                0x00000000080004b8                USB_Init
 .text.USB_LP_CAN1_RX0_IRQHandler
                0x000000000800054c       0xcc usb.o
                0x000000000800054c                USB_LP_CAN1_RX0_IRQHandler
 .text.HIDUSB_Reset
                0x0000000008000618      0x10c hid.o
                0x0000000008000618                HIDUSB_Reset
 .text.HIDUSB_GetDescriptor
                0x0000000008000724       0x8c hid.o
                0x0000000008000724                HIDUSB_GetDescriptor
 .text.HIDUSB_HandleData
                0x00000000080007b0      0x124 hid.o
                0x00000000080007b0                HIDUSB_HandleData
 .text.HIDUSB_DataReceivedHandler
                0x00000000080008d4        0x2 hid.o
                0x00000000080008d4                HIDUSB_DataReceivedHandler
 *fill*         0x00000000080008d6        0x2 
 .text.HIDUSB_EPHandler
                0x00000000080008d8      0x184 hid.o
                0x00000000080008d8                HIDUSB_EPHandler
 .text.led_off  0x0000000008000a5c       0x10 led.o
                0x0000000008000a5c                led_off
 .text.led_on   0x0000000008000a6c       0x10 led.o
                0x0000000008000a6c                led_on
 .text.pins_init
                0x0000000008000a7c       0x48 led.o
                0x0000000008000a7c                pins_init
 .text.Reset_Handler
                0x0000000008000ac4       0x48 CMSIS/Device/ST/STM32F10x/Source/Templates/gcc/startup_stm32f10x_md.o
                0x0000000008000ac4                Reset_Handler
 .text.Default_Handler
                0x0000000008000b0c        0x2 CMSIS/Device/ST/STM32F10x/Source/Templates/gcc/startup_stm32f10x_md.o
                0x0000000008000b0c                EXTI2_IRQHandler
                0x0000000008000b0c                DebugMon_Handler
                0x0000000008000b0c                TIM1_CC_IRQHandler
                0x0000000008000b0c                HardFault_Handler
                0x0000000008000b0c                SysTick_Handler
                0x0000000008000b0c                PVD_IRQHandler
                0x0000000008000b0c                PendSV_Handler
                0x0000000008000b0c                NMI_Handler
                0x0000000008000b0c                EXTI3_IRQHandler
                0x0000000008000b0c                EXTI0_IRQHandler
                0x0000000008000b0c                I2C2_EV_IRQHandler
                0x0000000008000b0c                UsageFault_Handler
                0x0000000008000b0c                ADC1_2_IRQHandler
                0x0000000008000b0c                SPI1_IRQHandler
                0x0000000008000b0c                TAMPER_IRQHandler
                0x0000000008000b0c                DMA1_Channel4_IRQHandler
                0x0000000008000b0c                USART3_IRQHandler
                0x0000000008000b0c                RTC_IRQHandler
                0x0000000008000b0c                DMA1_Channel7_IRQHandler
                0x0000000008000b0c                CAN1_RX1_IRQHandler
                0x0000000008000b0c                TIM4_IRQHandler
                0x0000000008000b0c                I2C1_EV_IRQHandler
                0x0000000008000b0c                DMA1_Channel6_IRQHandler
                0x0000000008000b0c                TIM3_IRQHandler
                0x0000000008000b0c                RCC_IRQHandler
                0x0000000008000b0c                TIM1_TRG_COM_IRQHandler
                0x0000000008000b0c                DMA1_Channel1_IRQHandler
                0x0000000008000b0c                Default_Handler
                0x0000000008000b0c                EXTI15_10_IRQHandler
                0x0000000008000b0c                EXTI9_5_IRQHandler
                0x0000000008000b0c                SPI2_IRQHandler
                0x0000000008000b0c                MemManage_Handler
                0x0000000008000b0c                SVC_Handler
                0x0000000008000b0c                DMA1_Channel5_IRQHandler
                0x0000000008000b0c                EXTI4_IRQHandler
                0x0000000008000b0c                USB_HP_CAN1_TX_IRQHandler
                0x0000000008000b0c                DMA1_Channel3_IRQHandler
                0x0000000008000b0c                TIM1_UP_IRQHandler
                0x0000000008000b0c                WWDG_IRQHandler
                0x0000000008000b0c                TIM2_IRQHandler
                0x0000000008000b0c                TIM1_BRK_IRQHandler
                0x0000000008000b0c                EXTI1_IRQHandler
                0x0000000008000b0c                RTCAlarm_IRQHandler
                0x0000000008000b0c                USART2_IRQHandler
                0x0000000008000b0c                I2C2_ER_IRQHandler
                0x0000000008000b0c                DMA1_Channel2_IRQHandler
                0x0000000008000b0c                CAN1_SCE_IRQHandler
                0x0000000008000b0c                FLASH_IRQHandler
                0x0000000008000b0c                BusFault_Handler
                0x0000000008000b0c                USART1_IRQHandler
                0x0000000008000b0c                I2C1_ER_IRQHandler
                0x0000000008000b0c                USBWakeUp_IRQHandler
 *fill*         0x0000000008000b0e        0x2 
 .text.SystemInit
                0x0000000008000b10       0xf0 system_stm32f10x.o
                0x0000000008000b10                SystemInit
 .text.__libc_init_array
                0x0000000008000c00       0x48 /usr/bin/../lib/gcc/arm-none-eabi/7.3.1/../../../../arm-none-eabi/lib/thumb/v7-m/libc_nano.a(lib_a-init.o)
                0x0000000008000c00                __libc_init_array
 .text.memcmp   0x0000000008000c48       0x1e /usr/bin/../lib/gcc/arm-none-eabi/7.3.1/../../../../arm-none-eabi/lib/thumb/v7-m/libc_nano.a(lib_a-memcmp.o)
                0x0000000008000c48                memcmp
 *(.glue_7)
 .glue_7        0x0000000008000c66        0x0 linker stubs
 *(.glue_7t)
 .glue_7t       0x0000000008000c66        0x0 linker stubs
 *(.eh_frame)
 *fill*         0x0000000008000c66        0x2 
 .eh_frame      0x0000000008000c68        0x0 /usr/bin/../lib/gcc/arm-none-eabi/7.3.1/thumb/v7-m/crtbegin.o
 *(.init)
 .init          0x0000000008000c68        0x4 /usr/bin/../lib/gcc/arm-none-eabi/7.3.1/thumb/v7-m/crti.o
                0x0000000008000c68                _init
 .init          0x0000000008000c6c        0x8 /usr/bin/../lib/gcc/arm-none-eabi/7.3.1/thumb/v7-m/crtn.o
 *(.fini)
 .fini          0x0000000008000c74        0x4 /usr/bin/../lib/gcc/arm-none-eabi/7.3.1/thumb/v7-m/crti.o
                0x0000000008000c74                _fini
 .fini          0x0000000008000c78        0x8 /usr/bin/../lib/gcc/arm-none-eabi/7.3.1/thumb/v7-m/crtn.o
                0x0000000008000c80                . = ALIGN (0x4)
                0x0000000008000c80                _etext = .

.vfp11_veneer   0x0000000008000c80        0x0
 .vfp11_veneer  0x0000000008000c80        0x0 linker stubs

.v4_bx          0x0000000008000c80        0x0
 .v4_bx         0x0000000008000c80        0x0 linker stubs

.iplt           0x0000000008000c80        0x0
 .iplt          0x0000000008000c80        0x0 /usr/bin/../lib/gcc/arm-none-eabi/7.3.1/thumb/v7-m/crtbegin.o

.rodata         0x0000000008000c80       0xa8
                0x0000000008000c80                . = ALIGN (0x4)
 *(.rodata)
 *(.rodata*)
 .rodata.sdLangID
                0x0000000008000c80        0x4 usb.o
                0x0000000008000c80                sdLangID
 .rodata.sdProduct
                0x0000000008000c84       0x2c usb.o
                0x0000000008000c84                sdProduct
 .rodata.sdVendor
                0x0000000008000cb0       0x22 usb.o
                0x0000000008000cb0                sdVendor
 .rodata.USBD_DEVICE_CFG_DESCRIPTOR
                0x0000000008000cd2       0x22 hid.o
 .rodata.USB_DEVICE_DESC
                0x0000000008000cf4       0x12 hid.o
 .rodata.usbHidReportDescriptor
                0x0000000008000d06       0x20 hid.o
                0x0000000008000d28                . = ALIGN (0x4)
 *fill*         0x0000000008000d26        0x2 

.rel.dyn        0x0000000008000d28        0x0
 .rel.iplt      0x0000000008000d28        0x0 /usr/bin/../lib/gcc/arm-none-eabi/7.3.1/thumb/v7-m/crtbegin.o

.ARM.extab
 *(.ARM.extab* .gnu.linkonce.armextab.*)

.ARM            0x0000000008000d28        0x0
                0x0000000008000d28                __exidx_start = .
 *(.ARM.exidx*)
                0x0000000008000d28                __exidx_end = .

.preinit_array  0x0000000008000d28        0x0
                0x0000000008000d28                PROVIDE (__preinit_array_start = .)
 *(.preinit_array*)
                0x0000000008000d28                PROVIDE (__preinit_array_end = .)

.init_array     0x0000000008000d28        0x4
                0x0000000008000d28                PROVIDE (__init_array_start = .)
 *(SORT_BY_NAME(.init_array.*))
 *(.init_array*)
 .init_array    0x0000000008000d28        0x4 /usr/bin/../lib/gcc/arm-none-eabi/7.3.1/thumb/v7-m/crtbegin.o
                0x0000000008000d2c                PROVIDE (__init_array_end = .)

.fini_array     0x0000000008000d2c        0x4
                [!provide]                        PROVIDE (__fini_array_start = .)
 *(SORT_BY_NAME(.fini_array.*))
 *(.fini_array*)
 .fini_array    0x0000000008000d2c        0x4 /usr/bin/../lib/gcc/arm-none-eabi/7.3.1/thumb/v7-m/crtbegin.o
                [!provide]                        PROVIDE (__fini_array_end = .)
                0x0000000008000d30                _sidata = LOADADDR (.data)

.data           0x0000000020000000       0x10 load address 0x0000000008000d30
                0x0000000020000000                . = ALIGN (0x4)
                0x0000000020000000                _sdata = .
 *(.data)
 *(.data*)
 .data.CMD_SEND_NEXT_DATA
                0x0000000020000000        0x8 hid.o
 .data.CMD_SIGNATURE
                0x0000000020000008        0x7 hid.o
 .data.currentPage
                0x000000002000000f        0x1 hid.o
                0x0000000020000010                . = ALIGN (0x4)
                0x0000000020000010                _edata = .

.igot.plt       0x0000000020000010        0x0 load address 0x0000000008000d40
 .igot.plt      0x0000000020000010        0x0 /usr/bin/../lib/gcc/arm-none-eabi/7.3.1/thumb/v7-m/crtbegin.o
                0x0000000020000010                . = ALIGN (0x4)

.bss            0x0000000020000010      0x4c0 load address 0x0000000008000d40
                0x0000000020000010                _sbss = .
                0x0000000020000010                __bss_start__ = _sbss
 *(.bss)
 .bss           0x0000000020000010       0x1c /usr/bin/../lib/gcc/arm-none-eabi/7.3.1/thumb/v7-m/crtbegin.o
 *(.bss*)
 .bss.uploadFinished
                0x000000002000002c        0x1 main.o
                0x000000002000002c                uploadFinished
 .bss.uploadStarted
                0x000000002000002d        0x1 main.o
                0x000000002000002d                uploadStarted
 .bss.DeviceAddress
                0x000000002000002e        0x1 usb.o
                0x000000002000002e                DeviceAddress
 *fill*         0x000000002000002f        0x1 
 .bss.DeviceConfigured
                0x0000000020000030        0x2 usb.o
                0x0000000020000030                DeviceConfigured
 .bss.DeviceStatus
                0x0000000020000032        0x2 usb.o
                0x0000000020000032                DeviceStatus
 .bss.RxTxBuffer
                0x0000000020000034       0x90 usb.o
                0x0000000020000034                RxTxBuffer
 .bss._EPHandler
                0x00000000200000c4        0x4 usb.o
                0x00000000200000c4                _EPHandler
 .bss._USBResetHandler
                0x00000000200000c8        0x4 usb.o
                0x00000000200000c8                _USBResetHandler
 .bss.currentPageOffset
                0x00000000200000cc        0x2 hid.o
 .bss.pageData  0x00000000200000ce      0x400 hid.o
 *(COMMON)
                0x00000000200004d0                . = ALIGN (0x4)
 *fill*         0x00000000200004ce        0x2 
                0x00000000200004d0                _ebss = .
                0x00000000200004d0                __bss_end__ = _ebss

._user_heap_stack
                0x00000000200004d0      0x600 load address 0x0000000008000d40
                0x00000000200004d0                . = ALIGN (0x8)
                [!provide]                        PROVIDE (end = .)
                [!provide]                        PROVIDE (_end = .)
                0x00000000200006d0                . = (. + _Min_Heap_Size)
 *fill*         0x00000000200004d0      0x200 
                0x0000000020000ad0                . = (. + _Min_Stack_Size)
 *fill*         0x00000000200006d0      0x400 
                0x0000000020000ad0                . = ALIGN (0x8)

/DISCARD/
 libc.a(*)
 libm.a(*)
 libgcc.a(*)

.ARM.attributes
                0x0000000000000000       0x29
 *(.ARM.attributes)
 .ARM.attributes
                0x0000000000000000       0x1d /usr/bin/../lib/gcc/arm-none-eabi/7.3.1/thumb/v7-m/crti.o
 .ARM.attributes
                0x000000000000001d       0x2d /usr/bin/../lib/gcc/arm-none-eabi/7.3.1/thumb/v7-m/crtbegin.o
 .ARM.attributes
                0x000000000000004a       0x33 main.o
 .ARM.attributes
                0x000000000000007d       0x33 usb.o
 .ARM.attributes
                0x00000000000000b0       0x33 hid.o
 .ARM.attributes
                0x00000000000000e3       0x33 led.o
 .ARM.attributes
                0x0000000000000116       0x21 CMSIS/Device/ST/STM32F10x/Source/Templates/gcc/startup_stm32f10x_md.o
 .ARM.attributes
                0x0000000000000137       0x33 system_stm32f10x.o
 .ARM.attributes
                0x000000000000016a       0x2d /usr/bin/../lib/gcc/arm-none-eabi/7.3.1/../../../../arm-none-eabi/lib/thumb/v7-m/libc_nano.a(lib_a-init.o)
 .ARM.attributes
                0x0000000000000197       0x2d /usr/bin/../lib/gcc/arm-none-eabi/7.3.1/../../../../arm-none-eabi/lib/thumb/v7-m/libc_nano.a(lib_a-memcmp.o)
 .ARM.attributes
                0x00000000000001c4       0x1d /usr/bin/../lib/gcc/arm-none-eabi/7.3.1/thumb/v7-m/crtn.o
OUTPUT(hid_bootloader.elf elf32-littlearm)

.comment        0x0000000000000000       0x7f
 .comment       0x0000000000000000       0x7f main.o
                                         0x80 (size before relaxing)
 .comment       0x000000000000007f       0x80 usb.o
 .comment       0x000000000000007f       0x80 hid.o
 .comment       0x000000000000007f       0x80 led.o
 .comment       0x000000000000007f       0x80 system_stm32f10x.o

.debug_frame    0x0000000000000000       0x58
 .debug_frame   0x0000000000000000       0x2c /usr/bin/../lib/gcc/arm-none-eabi/7.3.1/../../../../arm-none-eabi/lib/thumb/v7-m/libc_nano.a(lib_a-init.o)
 .debug_frame   0x000000000000002c       0x2c /usr/bin/../lib/gcc/arm-none-eabi/7.3.1/../../../../arm-none-eabi/lib/thumb/v7-m/libc_nano.a(lib_a-memcmp.o)

Cross Reference Table

Symbol                                            File
ADC1_2_IRQHandler                                 CMSIS/Device/ST/STM32F10x/Source/Templates/gcc/startup_stm32f10x_md.o
AHBPrescTable                                     system_stm32f10x.o
BusFault_Handler                                  CMSIS/Device/ST/STM32F10x/Source/Templates/gcc/startup_stm32f10x_md.o
CAN1_RX1_IRQHandler                               CMSIS/Device/ST/STM32F10x/Source/Templates/gcc/startup_stm32f10x_md.o
CAN1_SCE_IRQHandler                               CMSIS/Device/ST/STM32F10x/Source/Templates/gcc/startup_stm32f10x_md.o
DMA1_Channel1_IRQHandler                          CMSIS/Device/ST/STM32F10x/Source/Templates/gcc/startup_stm32f10x_md.o
DMA1_Channel2_IRQHandler                          CMSIS/Device/ST/STM32F10x/Source/Templates/gcc/startup_stm32f10x_md.o
DMA1_Channel3_IRQHandler                          CMSIS/Device/ST/STM32F10x/Source/Templates/gcc/startup_stm32f10x_md.o
DMA1_Channel4_IRQHandler                          CMSIS/Device/ST/STM32F10x/Source/Templates/gcc/startup_stm32f10x_md.o
DMA1_Channel5_IRQHandler                          CMSIS/Device/ST/STM32F10x/Source/Templates/gcc/startup_stm32f10x_md.o
DMA1_Channel6_IRQHandler                          CMSIS/Device/ST/STM32F10x/Source/Templates/gcc/startup_stm32f10x_md.o
DMA1_Channel7_IRQHandler                          CMSIS/Device/ST/STM32F10x/Source/Templates/gcc/startup_stm32f10x_md.o
DebugMon_Handler                                  CMSIS/Device/ST/STM32F10x/Source/Templates/gcc/startup_stm32f10x_md.o
Default_Handler                                   CMSIS/Device/ST/STM32F10x/Source/Templates/gcc/startup_stm32f10x_md.o
DeviceAddress                                     usb.o
                                                  hid.o
DeviceConfigured                                  usb.o
                                                  hid.o
DeviceStatus                                      usb.o
                                                  hid.o
EXTI0_IRQHandler                                  CMSIS/Device/ST/STM32F10x/Source/Templates/gcc/startup_stm32f10x_md.o
EXTI15_10_IRQHandler                              CMSIS/Device/ST/STM32F10x/Source/Templates/gcc/startup_stm32f10x_md.o
EXTI1_IRQHandler                                  CMSIS/Device/ST/STM32F10x/Source/Templates/gcc/startup_stm32f10x_md.o
EXTI2_IRQHandler                                  CMSIS/Device/ST/STM32F10x/Source/Templates/gcc/startup_stm32f10x_md.o
EXTI3_IRQHandler                                  CMSIS/Device/ST/STM32F10x/Source/Templates/gcc/startup_stm32f10x_md.o
EXTI4_IRQHandler                                  CMSIS/Device/ST/STM32F10x/Source/Templates/gcc/startup_stm32f10x_md.o
EXTI9_5_IRQHandler                                CMSIS/Device/ST/STM32F10x/Source/Templates/gcc/startup_stm32f10x_md.o
FLASH_IRQHandler                                  CMSIS/Device/ST/STM32F10x/Source/Templates/gcc/startup_stm32f10x_md.o
HIDUSB_DataReceivedHandler                        hid.o
HIDUSB_EPHandler                                  hid.o
                                                  main.o
HIDUSB_GetDescriptor                              hid.o
HIDUSB_HandleData                                 hid.o
HIDUSB_Reset                                      hid.o
                                                  main.o
HardFault_Handler                                 CMSIS/Device/ST/STM32F10x/Source/Templates/gcc/startup_stm32f10x_md.o
I2C1_ER_IRQHandler                                CMSIS/Device/ST/STM32F10x/Source/Templates/gcc/startup_stm32f10x_md.o
I2C1_EV_IRQHandler                                CMSIS/Device/ST/STM32F10x/Source/Templates/gcc/startup_stm32f10x_md.o
I2C2_ER_IRQHandler                                CMSIS/Device/ST/STM32F10x/Source/Templates/gcc/startup_stm32f10x_md.o
I2C2_EV_IRQHandler                                CMSIS/Device/ST/STM32F10x/Source/Templates/gcc/startup_stm32f10x_md.o
MemManage_Handler                                 CMSIS/Device/ST/STM32F10x/Source/Templates/gcc/startup_stm32f10x_md.o
NMI_Handler                                       CMSIS/Device/ST/STM32F10x/Source/Templates/gcc/startup_stm32f10x_md.o
PVD_IRQHandler                                    CMSIS/Device/ST/STM32F10x/Source/Templates/gcc/startup_stm32f10x_md.o
PendSV_Handler                                    CMSIS/Device/ST/STM32F10x/Source/Templates/gcc/startup_stm32f10x_md.o
RCC_IRQHandler                                    CMSIS/Device/ST/STM32F10x/Source/Templates/gcc/startup_stm32f10x_md.o
RTCAlarm_IRQHandler                               CMSIS/Device/ST/STM32F10x/Source/Templates/gcc/startup_stm32f10x_md.o
RTC_IRQHandler                                    CMSIS/Device/ST/STM32F10x/Source/Templates/gcc/startup_stm32f10x_md.o
Reset_Handler                                     CMSIS/Device/ST/STM32F10x/Source/Templates/gcc/startup_stm32f10x_md.o
RxTxBuffer                                        usb.o
                                                  hid.o
SPI1_IRQHandler                                   CMSIS/Device/ST/STM32F10x/Source/Templates/gcc/startup_stm32f10x_md.o
SPI2_IRQHandler                                   CMSIS/Device/ST/STM32F10x/Source/Templates/gcc/startup_stm32f10x_md.o
SVC_Handler                                       CMSIS/Device/ST/STM32F10x/Source/Templates/gcc/startup_stm32f10x_md.o
SysTick_Handler                                   CMSIS/Device/ST/STM32F10x/Source/Templates/gcc/startup_stm32f10x_md.o
SystemCoreClock                                   system_stm32f10x.o
SystemCoreClockUpdate                             system_stm32f10x.o
SystemInit                                        system_stm32f10x.o
                                                  CMSIS/Device/ST/STM32F10x/Source/Templates/gcc/startup_stm32f10x_md.o
TAMPER_IRQHandler                                 CMSIS/Device/ST/STM32F10x/Source/Templates/gcc/startup_stm32f10x_md.o
TIM1_BRK_IRQHandler                               CMSIS/Device/ST/STM32F10x/Source/Templates/gcc/startup_stm32f10x_md.o
TIM1_CC_IRQHandler                                CMSIS/Device/ST/STM32F10x/Source/Templates/gcc/startup_stm32f10x_md.o
TIM1_TRG_COM_IRQHandler                           CMSIS/Device/ST/STM32F10x/Source/Templates/gcc/startup_stm32f10x_md.o
TIM1_UP_IRQHandler                                CMSIS/Device/ST/STM32F10x/Source/Templates/gcc/startup_stm32f10x_md.o
TIM2_IRQHandler                                   CMSIS/Device/ST/STM32F10x/Source/Templates/gcc/startup_stm32f10x_md.o
TIM3_IRQHandler                                   CMSIS/Device/ST/STM32F10x/Source/Templates/gcc/startup_stm32f10x_md.o
TIM4_IRQHandler                                   CMSIS/Device/ST/STM32F10x/Source/Templates/gcc/startup_stm32f10x_md.o
USART1_IRQHandler                                 CMSIS/Device/ST/STM32F10x/Source/Templates/gcc/startup_stm32f10x_md.o
USART2_IRQHandler                                 CMSIS/Device/ST/STM32F10x/Source/Templates/gcc/startup_stm32f10x_md.o
USART3_IRQHandler                                 CMSIS/Device/ST/STM32F10x/Source/Templates/gcc/startup_stm32f10x_md.o
USBWakeUp_IRQHandler                              CMSIS/Device/ST/STM32F10x/Source/Templates/gcc/startup_stm32f10x_md.o
USB_Buffer2PMA                                    usb.o
                                                  hid.o
USB_HP_CAN1_TX_IRQHandler                         CMSIS/Device/ST/STM32F10x/Source/Templates/gcc/startup_stm32f10x_md.o
USB_Init                                          usb.o
                                                  main.o
USB_IsDeviceConfigured                            usb.o
USB_LP_CAN1_RX0_IRQHandler                        usb.o
USB_PMA2Buffer                                    usb.o
                                                  hid.o
USB_SendData                                      usb.o
                                                  hid.o
USB_Shutdown                                      usb.o
                                                  main.o
UsageFault_Handler                                CMSIS/Device/ST/STM32F10x/Source/Templates/gcc/startup_stm32f10x_md.o
WWDG_IRQHandler                                   CMSIS/Device/ST/STM32F10x/Source/Templates/gcc/startup_stm32f10x_md.o
_EPHandler                                        usb.o
_USBResetHandler                                  usb.o
__bss_end__                                       /usr/bin/../lib/gcc/arm-none-eabi/7.3.1/../../../../arm-none-eabi/lib/thumb/v7-m/crt0.o
__bss_start__                                     /usr/bin/../lib/gcc/arm-none-eabi/7.3.1/../../../../arm-none-eabi/lib/thumb/v7-m/crt0.o
__call_exitprocs                                  /usr/bin/../lib/gcc/arm-none-eabi/7.3.1/../../../../arm-none-eabi/lib/thumb/v7-m/libc_nano.a(lib_a-exit.o)
__deregister_frame_info                           /usr/bin/../lib/gcc/arm-none-eabi/7.3.1/thumb/v7-m/crtbegin.o
__dso_handle                                      /usr/bin/../lib/gcc/arm-none-eabi/7.3.1/thumb/v7-m/crtbegin.o
__init_array_end                                  /usr/bin/../lib/gcc/arm-none-eabi/7.3.1/../../../../arm-none-eabi/lib/thumb/v7-m/libc_nano.a(lib_a-init.o)
__init_array_start                                /usr/bin/../lib/gcc/arm-none-eabi/7.3.1/../../../../arm-none-eabi/lib/thumb/v7-m/libc_nano.a(lib_a-init.o)
__libc_fini_array                                 /usr/bin/../lib/gcc/arm-none-eabi/7.3.1/../../../../arm-none-eabi/lib/thumb/v7-m/crt0.o
__libc_init_array                                 /usr/bin/../lib/gcc/arm-none-eabi/7.3.1/../../../../arm-none-eabi/lib/thumb/v7-m/libc_nano.a(lib_a-init.o)
                                                  CMSIS/Device/ST/STM32F10x/Source/Templates/gcc/startup_stm32f10x_md.o
                                                  /usr/bin/../lib/gcc/arm-none-eabi/7.3.1/../../../../arm-none-eabi/lib/thumb/v7-m/crt0.o
__preinit_array_end                               /usr/bin/../lib/gcc/arm-none-eabi/7.3.1/../../../../arm-none-eabi/lib/thumb/v7-m/libc_nano.a(lib_a-init.o)
__preinit_array_start                             /usr/bin/../lib/gcc/arm-none-eabi/7.3.1/../../../../arm-none-eabi/lib/thumb/v7-m/libc_nano.a(lib_a-init.o)
__register_frame_info                             /usr/bin/../lib/gcc/arm-none-eabi/7.3.1/thumb/v7-m/crtbegin.o
__sf_fake_stderr                                  /usr/bin/../lib/gcc/arm-none-eabi/7.3.1/../../../../arm-none-eabi/lib/thumb/v7-m/libc_nano.a(lib_a-impure.o)
__sf_fake_stdin                                   /usr/bin/../lib/gcc/arm-none-eabi/7.3.1/../../../../arm-none-eabi/lib/thumb/v7-m/libc_nano.a(lib_a-impure.o)
__sf_fake_stdout                                  /usr/bin/../lib/gcc/arm-none-eabi/7.3.1/../../../../arm-none-eabi/lib/thumb/v7-m/libc_nano.a(lib_a-impure.o)
__stack                                           /usr/bin/../lib/gcc/arm-none-eabi/7.3.1/../../../../arm-none-eabi/lib/thumb/v7-m/crt0.o
_ebss                                             CMSIS/Device/ST/STM32F10x/Source/Templates/gcc/startup_stm32f10x_md.o
_edata                                            CMSIS/Device/ST/STM32F10x/Source/Templates/gcc/startup_stm32f10x_md.o
_estack                                           CMSIS/Device/ST/STM32F10x/Source/Templates/gcc/startup_stm32f10x_md.o
_exit                                             /usr/bin/../lib/gcc/arm-none-eabi/7.3.1/../../../../arm-none-eabi/lib/thumb/v7-m/libnosys.a(_exit.o)
                                                  /usr/bin/../lib/gcc/arm-none-eabi/7.3.1/../../../../arm-none-eabi/lib/thumb/v7-m/libc_nano.a(lib_a-exit.o)
_fini                                             /usr/bin/../lib/gcc/arm-none-eabi/7.3.1/thumb/v7-m/crti.o
_global_impure_ptr                                /usr/bin/../lib/gcc/arm-none-eabi/7.3.1/../../../../arm-none-eabi/lib/thumb/v7-m/libc_nano.a(lib_a-impure.o)
                                                  /usr/bin/../lib/gcc/arm-none-eabi/7.3.1/../../../../arm-none-eabi/lib/thumb/v7-m/libc_nano.a(lib_a-exit.o)
_impure_ptr                                       /usr/bin/../lib/gcc/arm-none-eabi/7.3.1/../../../../arm-none-eabi/lib/thumb/v7-m/libc_nano.a(lib_a-impure.o)
_init                                             /usr/bin/../lib/gcc/arm-none-eabi/7.3.1/thumb/v7-m/crti.o
                                                  /usr/bin/../lib/gcc/arm-none-eabi/7.3.1/../../../../arm-none-eabi/lib/thumb/v7-m/libc_nano.a(lib_a-init.o)
_mainCRTStartup                                   /usr/bin/../lib/gcc/arm-none-eabi/7.3.1/../../../../arm-none-eabi/lib/thumb/v7-m/crt0.o
_sbss                                             CMSIS/Device/ST/STM32F10x/Source/Templates/gcc/startup_stm32f10x_md.o
_sdata                                            CMSIS/Device/ST/STM32F10x/Source/Templates/gcc/startup_stm32f10x_md.o
_sidata                                           CMSIS/Device/ST/STM32F10x/Source/Templates/gcc/startup_stm32f10x_md.o
_start                                            /usr/bin/../lib/gcc/arm-none-eabi/7.3.1/../../../../arm-none-eabi/lib/thumb/v7-m/crt0.o
atexit                                            /usr/bin/../lib/gcc/arm-none-eabi/7.3.1/../../../../arm-none-eabi/lib/thumb/v7-m/crt0.o
blink_led                                         main.o
checkUserCode                                     main.o
check_flash_complete                              main.o
delay                                             main.o
exit                                              /usr/bin/../lib/gcc/arm-none-eabi/7.3.1/../../../../arm-none-eabi/lib/thumb/v7-m/libc_nano.a(lib_a-exit.o)
                                                  /usr/bin/../lib/gcc/arm-none-eabi/7.3.1/../../../../arm-none-eabi/lib/thumb/v7-m/crt0.o
g_pfnVectors                                      CMSIS/Device/ST/STM32F10x/Source/Templates/gcc/startup_stm32f10x_md.o
get_and_clear_magic_word                          main.o
hardware_init_hook                                /usr/bin/../lib/gcc/arm-none-eabi/7.3.1/../../../../arm-none-eabi/lib/thumb/v7-m/crt0.o
led_off                                           led.o
                                                  hid.o
                                                  main.o
led_on                                            led.o
                                                  hid.o
                                                  main.o
main                                              main.o
                                                  CMSIS/Device/ST/STM32F10x/Source/Templates/gcc/startup_stm32f10x_md.o
                                                  /usr/bin/../lib/gcc/arm-none-eabi/7.3.1/../../../../arm-none-eabi/lib/thumb/v7-m/crt0.o
memcmp                                            /usr/bin/../lib/gcc/arm-none-eabi/7.3.1/../../../../arm-none-eabi/lib/thumb/v7-m/libc_nano.a(lib_a-memcmp.o)
                                                  hid.o
memset                                            /usr/bin/../lib/gcc/arm-none-eabi/7.3.1/../../../../arm-none-eabi/lib/thumb/v7-m/libc_nano.a(lib_a-memset.o)
                                                  /usr/bin/../lib/gcc/arm-none-eabi/7.3.1/../../../../arm-none-eabi/lib/thumb/v7-m/crt0.o
pins_init                                         led.o
                                                  main.o
sdLangID                                          usb.o
                                                  hid.o
sdProduct                                         usb.o
                                                  hid.o
sdSerial                                          usb.o
sdVendor                                          usb.o
                                                  hid.o
send_next_data                                    main.o
software_init_hook                                /usr/bin/../lib/gcc/arm-none-eabi/7.3.1/../../../../arm-none-eabi/lib/thumb/v7-m/crt0.o
timeout                                           main.o
uploadFinished                                    main.o
                                                  hid.o
uploadStarted                                     main.o
                                                  hid.o
